// Jest Snapshot v1, https://goo.gl/fbAQLP

exports[`when rendering the App should should match snapshot 1`] = `ShallowWrapper {}`;
